// Jest Snapshot v1, https://goo.gl/fbAQLP

exports[`<HeroList /> - unit tests should display correct data - snapshot 1`] = `
<div>
  <div
    class="ant-row ant-row-center"
    role="row"
  >
    <div
      class="ant-col ant-col-xs-24 ant-col-sm-12 ant-col-md-8"
      role="cell"
    >
      <span
        class="ant-input-group-wrapper ant-input-search ant-input-search-with-button"
        style="margin-top: 50px;"
      >
        <span
          class="ant-input-wrapper ant-input-group"
        >
          <input
            class="ant-input"
            placeholder="Search hero by name"
            type="text"
            value=""
          />
          <span
            class="ant-input-group-addon"
          >
            <button
              class="ant-btn ant-btn-primary ant-input-search-button"
              type="button"
            >
              <span
                aria-label="search"
                class="anticon anticon-search"
                role="img"
              >
                <svg
                  aria-hidden="true"
                  data-icon="search"
                  fill="currentColor"
                  focusable="false"
                  height="1em"
                  viewBox="64 64 896 896"
                  width="1em"
                >
                  <path
                    d="M909.6 854.5L649.9 594.8C690.2 542.7 712 479 712 412c0-80.2-31.3-155.4-87.9-212.1-56.6-56.7-132-87.9-212.1-87.9s-155.5 31.3-212.1 87.9C143.2 256.5 112 331.8 112 412c0 80.1 31.3 155.5 87.9 212.1C256.5 680.8 331.8 712 412 712c67 0 130.6-21.8 182.7-62l259.7 259.6a8.2 8.2 0 0011.6 0l43.6-43.5a8.2 8.2 0 000-11.6zM570.4 570.4C528 612.7 471.8 636 412 636s-116-23.3-158.4-65.6C211.3 528 188 471.8 188 412s23.3-116.1 65.6-158.4C296 211.3 352.2 188 412 188s116.1 23.2 158.4 65.6S636 352.2 636 412s-23.3 116.1-65.6 158.4z"
                  />
                </svg>
              </span>
            </button>
          </span>
        </span>
      </span>
    </div>
  </div>
  <div
    data-testid="list-container"
  >
    <div
      class="infinite-scroll-component__outerdiv"
    >
      <div
        class="infinite-scroll-component "
        style="height: auto; overflow: auto;"
      >
        <div
          class="ant-list ant-list-split ant-list-grid"
          style="margin-top: 50px;"
        >
          <div
            class="ant-spin-nested-loading"
          >
            <div
              class="ant-spin-container"
            >
              <div
                class="ant-row"
                role="row"
                style="margin-left: -8px; margin-right: -8px;"
              >
                <div>
                  <div
                    class="ant-col"
                    role="cell"
                    style="padding-left: 8px; padding-right: 8px; flex: 1 1 auto;"
                  >
                    <div
                      class="ant-list-item"
                    >
                      <div
                        class="ant-card ant-card-default"
                      >
                        <div
                          class="ant-card-cover"
                        >
                          <div
                            style="position: absolute; left: 10px; top: 10px; z-index: 1;"
                          >
                            <span
                              class="ant-tag ant-tag-success"
                            >
                              Alive
                            </span>
                          </div>
                          <img
                            alt="example"
                            src="https://rickandmortyapi.com/api/character/avatar/1.jpeg"
                          />
                        </div>
                        <div
                          class="ant-card-body"
                        >
                          <h5
                            class="ant-typography"
                            style="margin: 0px;"
                          >
                            Name
                          </h5>
                          Rick Sanchez
                          <h5
                            class="ant-typography"
                            style="margin: 5px 0px 0px 0px;"
                          >
                            Last known location
                          </h5>
                          Citadel of Ricks
                        </div>
                      </div>
                    </div>
                  </div>
                </div>
                <div>
                  <div
                    class="ant-col"
                    role="cell"
                    style="padding-left: 8px; padding-right: 8px; flex: 1 1 auto;"
                  >
                    <div
                      class="ant-list-item"
                    >
                      <div
                        class="ant-card ant-card-default"
                      >
                        <div
                          class="ant-card-cover"
                        >
                          <div
                            style="position: absolute; left: 10px; top: 10px; z-index: 1;"
                          >
                            <span
                              class="ant-tag ant-tag-success"
                            >
                              Alive
                            </span>
                          </div>
                          <img
                            alt="example"
                            src="https://rickandmortyapi.com/api/character/avatar/2.jpeg"
                          />
                        </div>
                        <div
                          class="ant-card-body"
                        >
                          <h5
                            class="ant-typography"
                            style="margin: 0px;"
                          >
                            Name
                          </h5>
                          Morty Smith
                          <h5
                            class="ant-typography"
                            style="margin: 5px 0px 0px 0px;"
                          >
                            Last known location
                          </h5>
                          Citadel of Ricks
                        </div>
                      </div>
                    </div>
                  </div>
                </div>
                <div>
                  <div
                    class="ant-col"
                    role="cell"
                    style="padding-left: 8px; padding-right: 8px; flex: 1 1 auto;"
                  >
                    <div
                      class="ant-list-item"
                    >
                      <div
                        class="ant-card ant-card-default"
                      >
                        <div
                          class="ant-card-cover"
                        >
                          <div
                            style="position: absolute; left: 10px; top: 10px; z-index: 1;"
                          >
                            <span
                              class="ant-tag ant-tag-success"
                            >
                              Alive
                            </span>
                          </div>
                          <img
                            alt="example"
                            src="https://rickandmortyapi.com/api/character/avatar/3.jpeg"
                          />
                        </div>
                        <div
                          class="ant-card-body"
                        >
                          <h5
                            class="ant-typography"
                            style="margin: 0px;"
                          >
                            Name
                          </h5>
                          Summer Smith
                          <h5
                            class="ant-typography"
                            style="margin: 5px 0px 0px 0px;"
                          >
                            Last known location
                          </h5>
                          Earth (Replacement Dimension)
                        </div>
                      </div>
                    </div>
                  </div>
                </div>
                <div>
                  <div
                    class="ant-col"
                    role="cell"
                    style="padding-left: 8px; padding-right: 8px; flex: 1 1 auto;"
                  >
                    <div
                      class="ant-list-item"
                    >
                      <div
                        class="ant-card ant-card-default"
                      >
                        <div
                          class="ant-card-cover"
                        >
                          <div
                            style="position: absolute; left: 10px; top: 10px; z-index: 1;"
                          >
                            <span
                              class="ant-tag ant-tag-success"
                            >
                              Alive
                            </span>
                          </div>
                          <img
                            alt="example"
                            src="https://rickandmortyapi.com/api/character/avatar/4.jpeg"
                          />
                        </div>
                        <div
                          class="ant-card-body"
                        >
                          <h5
                            class="ant-typography"
                            style="margin: 0px;"
                          >
                            Name
                          </h5>
                          Beth Smith
                          <h5
                            class="ant-typography"
                            style="margin: 5px 0px 0px 0px;"
                          >
                            Last known location
                          </h5>
                          Earth (Replacement Dimension)
                        </div>
                      </div>
                    </div>
                  </div>
                </div>
                <div>
                  <div
                    class="ant-col"
                    role="cell"
                    style="padding-left: 8px; padding-right: 8px; flex: 1 1 auto;"
                  >
                    <div
                      class="ant-list-item"
                    >
                      <div
                        class="ant-card ant-card-default"
                      >
                        <div
                          class="ant-card-cover"
                        >
                          <div
                            style="position: absolute; left: 10px; top: 10px; z-index: 1;"
                          >
                            <span
                              class="ant-tag ant-tag-success"
                            >
                              Alive
                            </span>
                          </div>
                          <img
                            alt="example"
                            src="https://rickandmortyapi.com/api/character/avatar/5.jpeg"
                          />
                        </div>
                        <div
                          class="ant-card-body"
                        >
                          <h5
                            class="ant-typography"
                            style="margin: 0px;"
                          >
                            Name
                          </h5>
                          Jerry Smith
                          <h5
                            class="ant-typography"
                            style="margin: 5px 0px 0px 0px;"
                          >
                            Last known location
                          </h5>
                          Earth (Replacement Dimension)
                        </div>
                      </div>
                    </div>
                  </div>
                </div>
                <div>
                  <div
                    class="ant-col"
                    role="cell"
                    style="padding-left: 8px; padding-right: 8px; flex: 1 1 auto;"
                  >
                    <div
                      class="ant-list-item"
                    >
                      <div
                        class="ant-card ant-card-default"
                      >
                        <div
                          class="ant-card-cover"
                        >
                          <div
                            style="position: absolute; left: 10px; top: 10px; z-index: 1;"
                          >
                            <span
                              class="ant-tag ant-tag-success"
                            >
                              Alive
                            </span>
                          </div>
                          <img
                            alt="example"
                            src="https://rickandmortyapi.com/api/character/avatar/6.jpeg"
                          />
                        </div>
                        <div
                          class="ant-card-body"
                        >
                          <h5
                            class="ant-typography"
                            style="margin: 0px;"
                          >
                            Name
                          </h5>
                          Abadango Cluster Princess
                          <h5
                            class="ant-typography"
                            style="margin: 5px 0px 0px 0px;"
                          >
                            Last known location
                          </h5>
                          Abadango
                        </div>
                      </div>
                    </div>
                  </div>
                </div>
                <div>
                  <div
                    class="ant-col"
                    role="cell"
                    style="padding-left: 8px; padding-right: 8px; flex: 1 1 auto;"
                  >
                    <div
                      class="ant-list-item"
                    >
                      <div
                        class="ant-card ant-card-default"
                      >
                        <div
                          class="ant-card-cover"
                        >
                          <div
                            style="position: absolute; left: 10px; top: 10px; z-index: 1;"
                          >
                            <span
                              class="ant-tag ant-tag-warning"
                            >
                              unknown
                            </span>
                          </div>
                          <img
                            alt="example"
                            src="https://rickandmortyapi.com/api/character/avatar/7.jpeg"
                          />
                        </div>
                        <div
                          class="ant-card-body"
                        >
                          <h5
                            class="ant-typography"
                            style="margin: 0px;"
                          >
                            Name
                          </h5>
                          Abradolf Lincler
                          <h5
                            class="ant-typography"
                            style="margin: 5px 0px 0px 0px;"
                          >
                            Last known location
                          </h5>
                          Testicle Monster Dimension
                        </div>
                      </div>
                    </div>
                  </div>
                </div>
                <div>
                  <div
                    class="ant-col"
                    role="cell"
                    style="padding-left: 8px; padding-right: 8px; flex: 1 1 auto;"
                  >
                    <div
                      class="ant-list-item"
                    >
                      <div
                        class="ant-card ant-card-default"
                      >
                        <div
                          class="ant-card-cover"
                        >
                          <div
                            style="position: absolute; left: 10px; top: 10px; z-index: 1;"
                          >
                            <span
                              class="ant-tag ant-tag-error"
                            >
                              Dead
                            </span>
                          </div>
                          <img
                            alt="example"
                            src="https://rickandmortyapi.com/api/character/avatar/8.jpeg"
                          />
                        </div>
                        <div
                          class="ant-card-body"
                        >
                          <h5
                            class="ant-typography"
                            style="margin: 0px;"
                          >
                            Name
                          </h5>
                          Adjudicator Rick
                          <h5
                            class="ant-typography"
                            style="margin: 5px 0px 0px 0px;"
                          >
                            Last known location
                          </h5>
                          Citadel of Ricks
                        </div>
                      </div>
                    </div>
                  </div>
                </div>
                <div>
                  <div
                    class="ant-col"
                    role="cell"
                    style="padding-left: 8px; padding-right: 8px; flex: 1 1 auto;"
                  >
                    <div
                      class="ant-list-item"
                    >
                      <div
                        class="ant-card ant-card-default"
                      >
                        <div
                          class="ant-card-cover"
                        >
                          <div
                            style="position: absolute; left: 10px; top: 10px; z-index: 1;"
                          >
                            <span
                              class="ant-tag ant-tag-error"
                            >
                              Dead
                            </span>
                          </div>
                          <img
                            alt="example"
                            src="https://rickandmortyapi.com/api/character/avatar/9.jpeg"
                          />
                        </div>
                        <div
                          class="ant-card-body"
                        >
                          <h5
                            class="ant-typography"
                            style="margin: 0px;"
                          >
                            Name
                          </h5>
                          Agency Director
                          <h5
                            class="ant-typography"
                            style="margin: 5px 0px 0px 0px;"
                          >
                            Last known location
                          </h5>
                          Earth (Replacement Dimension)
                        </div>
                      </div>
                    </div>
                  </div>
                </div>
                <div>
                  <div
                    class="ant-col"
                    role="cell"
                    style="padding-left: 8px; padding-right: 8px; flex: 1 1 auto;"
                  >
                    <div
                      class="ant-list-item"
                    >
                      <div
                        class="ant-card ant-card-default"
                      >
                        <div
                          class="ant-card-cover"
                        >
                          <div
                            style="position: absolute; left: 10px; top: 10px; z-index: 1;"
                          >
                            <span
                              class="ant-tag ant-tag-error"
                            >
                              Dead
                            </span>
                          </div>
                          <img
                            alt="example"
                            src="https://rickandmortyapi.com/api/character/avatar/10.jpeg"
                          />
                        </div>
                        <div
                          class="ant-card-body"
                        >
                          <h5
                            class="ant-typography"
                            style="margin: 0px;"
                          >
                            Name
                          </h5>
                          Alan Rails
                          <h5
                            class="ant-typography"
                            style="margin: 5px 0px 0px 0px;"
                          >
                            Last known location
                          </h5>
                          Worldender's lair
                        </div>
                      </div>
                    </div>
                  </div>
                </div>
                <div>
                  <div
                    class="ant-col"
                    role="cell"
                    style="padding-left: 8px; padding-right: 8px; flex: 1 1 auto;"
                  >
                    <div
                      class="ant-list-item"
                    >
                      <div
                        class="ant-card ant-card-default"
                      >
                        <div
                          class="ant-card-cover"
                        >
                          <div
                            style="position: absolute; left: 10px; top: 10px; z-index: 1;"
                          >
                            <span
                              class="ant-tag ant-tag-error"
                            >
                              Dead
                            </span>
                          </div>
                          <img
                            alt="example"
                            src="https://rickandmortyapi.com/api/character/avatar/11.jpeg"
                          />
                        </div>
                        <div
                          class="ant-card-body"
                        >
                          <h5
                            class="ant-typography"
                            style="margin: 0px;"
                          >
                            Name
                          </h5>
                          Albert Einstein
                          <h5
                            class="ant-typography"
                            style="margin: 5px 0px 0px 0px;"
                          >
                            Last known location
                          </h5>
                          Earth (Replacement Dimension)
                        </div>
                      </div>
                    </div>
                  </div>
                </div>
                <div>
                  <div
                    class="ant-col"
                    role="cell"
                    style="padding-left: 8px; padding-right: 8px; flex: 1 1 auto;"
                  >
                    <div
                      class="ant-list-item"
                    >
                      <div
                        class="ant-card ant-card-default"
                      >
                        <div
                          class="ant-card-cover"
                        >
                          <div
                            style="position: absolute; left: 10px; top: 10px; z-index: 1;"
                          >
                            <span
                              class="ant-tag ant-tag-error"
                            >
                              Dead
                            </span>
                          </div>
                          <img
                            alt="example"
                            src="https://rickandmortyapi.com/api/character/avatar/12.jpeg"
                          />
                        </div>
                        <div
                          class="ant-card-body"
                        >
                          <h5
                            class="ant-typography"
                            style="margin: 0px;"
                          >
                            Name
                          </h5>
                          Alexander
                          <h5
                            class="ant-typography"
                            style="margin: 5px 0px 0px 0px;"
                          >
                            Last known location
                          </h5>
                          Anatomy Park
                        </div>
                      </div>
                    </div>
                  </div>
                </div>
                <div>
                  <div
                    class="ant-col"
                    role="cell"
                    style="padding-left: 8px; padding-right: 8px; flex: 1 1 auto;"
                  >
                    <div
                      class="ant-list-item"
                    >
                      <div
                        class="ant-card ant-card-default"
                      >
                        <div
                          class="ant-card-cover"
                        >
                          <div
                            style="position: absolute; left: 10px; top: 10px; z-index: 1;"
                          >
                            <span
                              class="ant-tag ant-tag-warning"
                            >
                              unknown
                            </span>
                          </div>
                          <img
                            alt="example"
                            src="https://rickandmortyapi.com/api/character/avatar/13.jpeg"
                          />
                        </div>
                        <div
                          class="ant-card-body"
                        >
                          <h5
                            class="ant-typography"
                            style="margin: 0px;"
                          >
                            Name
                          </h5>
                          Alien Googah
                          <h5
                            class="ant-typography"
                            style="margin: 5px 0px 0px 0px;"
                          >
                            Last known location
                          </h5>
                          Earth (Replacement Dimension)
                        </div>
                      </div>
                    </div>
                  </div>
                </div>
                <div>
                  <div
                    class="ant-col"
                    role="cell"
                    style="padding-left: 8px; padding-right: 8px; flex: 1 1 auto;"
                  >
                    <div
                      class="ant-list-item"
                    >
                      <div
                        class="ant-card ant-card-default"
                      >
                        <div
                          class="ant-card-cover"
                        >
                          <div
                            style="position: absolute; left: 10px; top: 10px; z-index: 1;"
                          >
                            <span
                              class="ant-tag ant-tag-warning"
                            >
                              unknown
                            </span>
                          </div>
                          <img
                            alt="example"
                            src="https://rickandmortyapi.com/api/character/avatar/14.jpeg"
                          />
                        </div>
                        <div
                          class="ant-card-body"
                        >
                          <h5
                            class="ant-typography"
                            style="margin: 0px;"
                          >
                            Name
                          </h5>
                          Alien Morty
                          <h5
                            class="ant-typography"
                            style="margin: 5px 0px 0px 0px;"
                          >
                            Last known location
                          </h5>
                          Citadel of Ricks
                        </div>
                      </div>
                    </div>
                  </div>
                </div>
                <div>
                  <div
                    class="ant-col"
                    role="cell"
                    style="padding-left: 8px; padding-right: 8px; flex: 1 1 auto;"
                  >
                    <div
                      class="ant-list-item"
                    >
                      <div
                        class="ant-card ant-card-default"
                      >
                        <div
                          class="ant-card-cover"
                        >
                          <div
                            style="position: absolute; left: 10px; top: 10px; z-index: 1;"
                          >
                            <span
                              class="ant-tag ant-tag-warning"
                            >
                              unknown
                            </span>
                          </div>
                          <img
                            alt="example"
                            src="https://rickandmortyapi.com/api/character/avatar/15.jpeg"
                          />
                        </div>
                        <div
                          class="ant-card-body"
                        >
                          <h5
                            class="ant-typography"
                            style="margin: 0px;"
                          >
                            Name
                          </h5>
                          Alien Rick
                          <h5
                            class="ant-typography"
                            style="margin: 5px 0px 0px 0px;"
                          >
                            Last known location
                          </h5>
                          Citadel of Ricks
                        </div>
                      </div>
                    </div>
                  </div>
                </div>
                <div>
                  <div
                    class="ant-col"
                    role="cell"
                    style="padding-left: 8px; padding-right: 8px; flex: 1 1 auto;"
                  >
                    <div
                      class="ant-list-item"
                    >
                      <div
                        class="ant-card ant-card-default"
                      >
                        <div
                          class="ant-card-cover"
                        >
                          <div
                            style="position: absolute; left: 10px; top: 10px; z-index: 1;"
                          >
                            <span
                              class="ant-tag ant-tag-error"
                            >
                              Dead
                            </span>
                          </div>
                          <img
                            alt="example"
                            src="https://rickandmortyapi.com/api/character/avatar/16.jpeg"
                          />
                        </div>
                        <div
                          class="ant-card-body"
                        >
                          <h5
                            class="ant-typography"
                            style="margin: 0px;"
                          >
                            Name
                          </h5>
                          Amish Cyborg
                          <h5
                            class="ant-typography"
                            style="margin: 5px 0px 0px 0px;"
                          >
                            Last known location
                          </h5>
                          Earth (Replacement Dimension)
                        </div>
                      </div>
                    </div>
                  </div>
                </div>
                <div>
                  <div
                    class="ant-col"
                    role="cell"
                    style="padding-left: 8px; padding-right: 8px; flex: 1 1 auto;"
                  >
                    <div
                      class="ant-list-item"
                    >
                      <div
                        class="ant-card ant-card-default"
                      >
                        <div
                          class="ant-card-cover"
                        >
                          <div
                            style="position: absolute; left: 10px; top: 10px; z-index: 1;"
                          >
                            <span
                              class="ant-tag ant-tag-success"
                            >
                              Alive
                            </span>
                          </div>
                          <img
                            alt="example"
                            src="https://rickandmortyapi.com/api/character/avatar/17.jpeg"
                          />
                        </div>
                        <div
                          class="ant-card-body"
                        >
                          <h5
                            class="ant-typography"
                            style="margin: 0px;"
                          >
                            Name
                          </h5>
                          Annie
                          <h5
                            class="ant-typography"
                            style="margin: 5px 0px 0px 0px;"
                          >
                            Last known location
                          </h5>
                          Anatomy Park
                        </div>
                      </div>
                    </div>
                  </div>
                </div>
                <div>
                  <div
                    class="ant-col"
                    role="cell"
                    style="padding-left: 8px; padding-right: 8px; flex: 1 1 auto;"
                  >
                    <div
                      class="ant-list-item"
                    >
                      <div
                        class="ant-card ant-card-default"
                      >
                        <div
                          class="ant-card-cover"
                        >
                          <div
                            style="position: absolute; left: 10px; top: 10px; z-index: 1;"
                          >
                            <span
                              class="ant-tag ant-tag-success"
                            >
                              Alive
                            </span>
                          </div>
                          <img
                            alt="example"
                            src="https://rickandmortyapi.com/api/character/avatar/18.jpeg"
                          />
                        </div>
                        <div
                          class="ant-card-body"
                        >
                          <h5
                            class="ant-typography"
                            style="margin: 0px;"
                          >
                            Name
                          </h5>
                          Antenna Morty
                          <h5
                            class="ant-typography"
                            style="margin: 5px 0px 0px 0px;"
                          >
                            Last known location
                          </h5>
                          Citadel of Ricks
                        </div>
                      </div>
                    </div>
                  </div>
                </div>
                <div>
                  <div
                    class="ant-col"
                    role="cell"
                    style="padding-left: 8px; padding-right: 8px; flex: 1 1 auto;"
                  >
                    <div
                      class="ant-list-item"
                    >
                      <div
                        class="ant-card ant-card-default"
                      >
                        <div
                          class="ant-card-cover"
                        >
                          <div
                            style="position: absolute; left: 10px; top: 10px; z-index: 1;"
                          >
                            <span
                              class="ant-tag ant-tag-warning"
                            >
                              unknown
                            </span>
                          </div>
                          <img
                            alt="example"
                            src="https://rickandmortyapi.com/api/character/avatar/19.jpeg"
                          />
                        </div>
                        <div
                          class="ant-card-body"
                        >
                          <h5
                            class="ant-typography"
                            style="margin: 0px;"
                          >
                            Name
                          </h5>
                          Antenna Rick
                          <h5
                            class="ant-typography"
                            style="margin: 5px 0px 0px 0px;"
                          >
                            Last known location
                          </h5>
                          unknown
                        </div>
                      </div>
                    </div>
                  </div>
                </div>
                <div>
                  <div
                    class="ant-col"
                    role="cell"
                    style="padding-left: 8px; padding-right: 8px; flex: 1 1 auto;"
                  >
                    <div
                      class="ant-list-item"
                    >
                      <div
                        class="ant-card ant-card-default"
                      >
                        <div
                          class="ant-card-cover"
                        >
                          <div
                            style="position: absolute; left: 10px; top: 10px; z-index: 1;"
                          >
                            <span
                              class="ant-tag ant-tag-warning"
                            >
                              unknown
                            </span>
                          </div>
                          <img
                            alt="example"
                            src="https://rickandmortyapi.com/api/character/avatar/20.jpeg"
                          />
                        </div>
                        <div
                          class="ant-card-body"
                        >
                          <h5
                            class="ant-typography"
                            style="margin: 0px;"
                          >
                            Name
                          </h5>
                          Ants in my Eyes Johnson
                          <h5
                            class="ant-typography"
                            style="margin: 5px 0px 0px 0px;"
                          >
                            Last known location
                          </h5>
                          Interdimensional Cable
                        </div>
                      </div>
                    </div>
                  </div>
                </div>
              </div>
            </div>
          </div>
        </div>
      </div>
    </div>
  </div>
</div>
`;
